[2025-10-06 07:28:54] ========== 开始备份流程 ==========
[2025-10-06 07:28:54] 服务器未运行，直接备份...
[2025-10-06 07:28:54] 开始创建本地备份: minecraft-backup-20251006-072854.tar.gz
[2025-10-06 07:29:09] 本地备份创建成功: /root/minecraft-backups/minecraft-backup-20251006-072854.tar.gz (大小: 328M)
[2025-10-06 07:29:09] 清理旧的本地备份 (保留最近 7 个)...
[2025-10-06 07:29:09] ========== 开始推送到 GitHub ==========
[2025-10-06 07:29:09] 添加文件到 git...
[2025-10-06 07:29:09] 提交更改: 自动备份 - 2025-10-06 07:29:09
[2025-10-06 07:29:10]   [main 770e6bb] 自动备份 - 2025-10-06 07:29:09
[2025-10-06 07:29:10]   14 files changed, 179 insertions(+), 1 deletion(-)
[2025-10-06 07:29:10]   create mode 100755 auto-backup-and-push.sh
[2025-10-06 07:29:10]   create mode 100644 backup-push.log
[2025-10-06 07:29:10] 提交成功
[2025-10-06 07:29:10] 推送到 GitHub 远程仓库...
[2025-10-06 07:29:15]   To github.com:tytsxai/minecraft-server.git
[2025-10-06 07:29:15]   bd2bfd3..770e6bb  main -> main
[2025-10-06 07:29:15] GitHub 推送成功！
[2025-10-06 07:29:15] ========== 备份统计 ==========
[2025-10-06 07:29:15] 本地备份总数: 1 个
[2025-10-06 07:29:15] 备份目录大小: 328M
[2025-10-06 07:29:15] 最新备份: minecraft-backup-20251006-072854.tar.gz (328M)
[2025-10-06 07:29:15] 磁盘使用率: 4%
[2025-10-06 07:29:15] ========== 备份流程完成 ==========
